// Jest Snapshot v1, https://goo.gl/fbAQLP

exports[`Unknown renders correctly without props 1`] = `
<p>
  Hello
</p>
`;
