// Jest Snapshot v1, https://goo.gl/fbAQLP

exports[`SimpleComponent renders correctly without props 1`] = `
<div>
  Hello
</div>
`;
